// Jest Snapshot v1, https://goo.gl/fbAQLP

exports[`BoxPriority should match the snapshot 1`] = `
<div>
  <p>
    Count: 
    1
  </p>
  <div
    class="sc-bdvvtL gYHhVl"
    data-testid="box-priority"
  >
    Et aut quo laboriosam at ut.
    <a
      class="sc-gsDKAQ hPlvSa"
      data-testid="clear-button"
    >
      Clear
    </a>
  </div>
</div>
`;
