// Jest Snapshot v1, https://goo.gl/fbAQLP

exports[`ButtonContainer should match the snapshot 1`] = `
<div>
  <button
    class="MuiButton-root MuiButton-contained MuiButton-containedSuccess MuiButton-sizeMedium MuiButton-containedSizeMedium MuiButtonBase-root  css-ke5b6m-MuiButtonBase-root-MuiButton-root"
    tabindex="0"
    type="button"
  >
    STOP
    <span
      class="MuiTouchRipple-root css-8je8zh-MuiTouchRipple-root"
    />
  </button>
  <button
    class="MuiButton-root MuiButton-text MuiButton-textSuccess MuiButton-sizeMedium MuiButton-textSizeMedium MuiButtonBase-root  css-1lg55su-MuiButtonBase-root-MuiButton-root"
    tabindex="0"
    type="button"
  >
    CLEAR
    <span
      class="MuiTouchRipple-root css-8je8zh-MuiTouchRipple-root"
    />
  </button>
</div>
`;
